// Jest Snapshot v1, https://goo.gl/fbAQLP

exports[`<RecipeCard /> should match snapshot 1`] = `
<div>
  <a
    class="card"
    href="/recipes/1"
    style="text-decoration: none;"
  >
    <img
      alt="Chicken"
      data-nimg="1"
      decoding="async"
      height="100"
      loading="lazy"
      src="/_next/image?url=%2Fimage.jpg&w=256&q=75"
      srcset="/_next/image?url=%2Fimage.jpg&w=128&q=75 1x, /_next/image?url=%2Fimage.jpg&w=256&q=75 2x"
      style="color: transparent; background-size: cover; background-position: 50% 50%; background-repeat: no-repeat;"
      width="100"
    />
    <div
      class="info"
    >
      <h3>
        Chicken
      </h3>
      <p>
        <b>
          Difficulty:
        </b>
         
        Hard
      </p>
      <p>
        <b>
          Time:
        </b>
         
        120
         minutes
      </p>
    </div>
  </a>
</div>
`;
